{"timestamp":"2026-05-30T14:53:31.485Z","level":"info","source":"fs","message":"modified","data":{"path":"packages/core/src/commands/index.ts"}}
{"timestamp":"2026-05-30T15:00:13.535Z","level":"info","source":"fs","message":"modified","data":{"path":"packages/core/src/main.tsx"}}
{"timestamp":"2026-05-30T15:06:52.537Z","level":"info","source":"fs","message":"modified","data":{"path":"packages/core/src/config/loader.ts"}}
{"timestamp":"2026-05-30T15:06:55.892Z","level":"info","source":"fs","message":"modified","data":{"path":"packages/core/src/config/loader.ts"}}
{"timestamp":"2026-05-30T15:06:59.347Z","level":"info","source":"fs","message":"modified","data":{"path":"packages/core/src/adapters/factory.ts"}}
{"timestamp":"2026-05-30T15:07:02.916Z","level":"info","source":"fs","message":"modified","data":{"path":"packages/core/src/adapters/factory.ts"}}
{"timestamp":"2026-05-30T15:07:06.412Z","level":"info","source":"fs","message":"modified","data":{"path":"packages/core/src/panels.tsx"}}
{"timestamp":"2026-05-30T15:07:22.741Z","level":"info","source":"fs","message":"modified","data":{"path":"packages/core/tests/bootstrap/cleanup.test.ts"}}
{"timestamp":"2026-05-30T15:07:22.742Z","level":"info","source":"fs","message":"modified","data":{"path":"packages/core/tests/bootstrap/container.test.ts"}}
{"timestamp":"2026-05-30T15:07:22.743Z","level":"info","source":"fs","message":"modified","data":{"path":"packages/core/tests/session/memory.test.ts"}}
{"timestamp":"2026-05-30T15:07:22.743Z","level":"info","source":"fs","message":"modified","data":{"path":"packages/core/tests/orchestration/graph.test.ts"}}
{"timestamp":"2026-05-30T15:07:22.743Z","level":"info","source":"fs","message":"modified","data":{"path":"packages/core/tests/commands/index.test.ts"}}
{"timestamp":"2026-05-30T15:07:22.744Z","level":"info","source":"fs","message":"modified","data":{"path":"packages/core/tests/backend/logic.test.ts"}}
{"timestamp":"2026-05-30T15:07:22.790Z","level":"info","source":"fs","message":"modified","data":{"path":"packages/core/tests/config/loader.test.ts"}}
{"timestamp":"2026-05-30T15:07:26.894Z","level":"info","source":"fs","message":"modified","data":{"path":"packages/core/tests/config/loader.test.ts"}}
{"timestamp":"2026-05-30T15:07:46.264Z","level":"info","source":"fs","message":"modified","data":{"path":"packages/core/tests/commands/index.test.ts"}}
{"timestamp":"2026-05-30T15:12:25.331Z","level":"info","source":"fs","message":"modified","data":{"path":"packages/core/tests/adapters/factory.test.ts"}}
{"timestamp":"2026-05-30T15:15:34.472Z","level":"info","source":"fs","message":"modified","data":{"path":"packages/core/src/main.tsx"}}
{"timestamp":"2026-05-30T15:15:38.792Z","level":"info","source":"fs","message":"modified","data":{"path":"packages/core/src/main.tsx"}}
{"timestamp":"2026-05-30T15:15:42.817Z","level":"info","source":"fs","message":"modified","data":{"path":"packages/core/src/main.tsx"}}
{"timestamp":"2026-05-30T15:15:47.575Z","level":"info","source":"fs","message":"modified","data":{"path":"packages/core/src/main.tsx"}}
{"timestamp":"2026-05-30T15:15:55.445Z","level":"info","source":"fs","message":"modified","data":{"path":"packages/core/tests/adapters/stream.test.ts"}}
